// Jest Snapshot v1, https://goo.gl/fbAQLP

exports[`Paging component renders Paging 1`] = `
<Fragment>
  1 / 10
  <button
    onClick={[Function]}
  >
    Next Page
  </button>
  <h1>
    hi
  </h1>
</Fragment>
`;
